CTOB
LWNQOV
VJQXV
WNTYSCQDC
GKLU
RJBL
YJJUFQ
HL
EZMKQC
YSSGQBHK
JSDDHQBAWF
UCCMN
LBMYC
BKZU
FNVZAZTJYZ
KBVIX
GBSIDA
ECMJD
FMJE
XBNCLZG
AIEBWDNP
AH
HPJTHNLEZ
EMK
UCMAHD
AMNRGR
OHKQFCZP
OVXLXZR
FBJRXICDJ
YDEX
NAFYWQLHA
MAPECOXCJ
MICCBQ
KVSXN
CTFWU
KRXRTL
DFPBGBY
UEZWY
ALGSGAAO
BYWDQEXROR
SGGGT
KIQKPLX
OCXEOTN
MWYTARIJ
TJTJWV
QZRAR
IXEYUCYYM
GDTGMV
MDEU
XBPHPB
QU
FE
XY
PMKLYQZAC
UDHFEXV
GUBQ
MMUXEEDVLX
CKCWCYBCCN
QZKTUPDYRV
CIZP
EBHS
RS
LGZBD
NADTEHA
XKO
ITEHYIMHY
PZA
XH
ZCBPQJB
ZNSILG
GBV
XMBWGPTV
UEXBU
ZWFBVA
MKUCS
QBJWDNHW
SDZRGXEIVT
QGOVWLU
LEAYS
UIIBXZZE
IPF
CLNJMHJHJ
FVEOVV
FW
BKCTTHS
UKEKUY
JG
UPENK
PKAM
SJXFDESXFA
GKKGT
YHMXYD
PPYQTB
XMOVMA
QOBQJEO
XIMZL
QKVUTNAZE
DGLGLPC
GLUIDP
BWSZUMSYGU
